<?xml version="1.0" encoding="utf-8"?><testsuites><testsuite name="pytest" errors="0" failures="0" skipped="0" tests="3" time="60.753" timestamp="2024-04-21T09:56:59.320712" hostname="LAPTOP-7SLA5RIG"><testcase classname="tests.test_HomePage.TestHomePage" name="test_formSubmission[getdata0]" time="30.865" /><testcase classname="tests.test_HomePage.TestHomePage" name="test_formSubmission[getdata1]" time="8.205" /><testcase classname="tests.test_e2e.TestOne" name="test_e2e" time="21.108" /></testsuite></testsuites>